<area shape="rect" href="$classVamp_1_1HostExt_1_1PluginBufferingAdapter.html" title="PluginBufferingAdapter is a Vamp plugin adapter that allows plugins to be used by..." alt="" coords="592,5,840,32">
<area shape="rect" href="$classVamp_1_1HostExt_1_1PluginChannelAdapter.html" title="PluginChannelAdapter is a Vamp plugin adapter that implements a policy for management..." alt="" coords="593,56,839,82">
<area shape="rect" href="$classVamp_1_1HostExt_1_1PluginInputDomainAdapter.html" title="PluginInputDomainAdapter is a Vamp plugin adapter that converts time&#45;domain input..." alt="" coords="580,106,852,133">
<area shape="rect" href="$classVamp_1_1HostExt_1_1PluginSummarisingAdapter.html" title="PluginSummarisingAdapter is a Vamp plugin adapter that provides summarisation methods..." alt="" coords="579,157,853,184">
<area shape="rect" href="$classVamp_1_1Plugin.html" title="Vamp::Plugin is a base class for plugin instance classes that provide feature extraction..." alt="" coords="181,81,280,108">
<area shape="rect" href="$classVamp_1_1PluginBase.html" title="A base class for plugins with optional configurable parameters, programs, etc." alt="" coords="5,81,133,108">
