<area shape="rect" href="$classVamp_1_1Plugin.html" title="Vamp::Plugin is a base class for plugin instance classes that provide feature extraction..." alt="" coords="181,150,280,174">
<area shape="rect" href="$classAmplitudeFollower.html" title="Example plugin implementing the SuperCollider amplitude follower function." alt="" coords="381,6,509,30">
<area shape="rect" href="$classPercussionOnsetDetector.html" title="Example plugin that detects percussive events." alt="" coords="360,54,531,78">
<area shape="rect" href="$classSpectralCentroid.html" title="Example plugin that calculates the centre of gravity of the frequency domain representation..." alt="" coords="387,102,504,126">
<area shape="rect" href="$classVamp_1_1HostExt_1_1PluginRateExtractor.html" title="Vamp::HostExt::PluginRateExtractor" alt="" coords="329,150,561,174">
<area shape="rect" href="$classVamp_1_1HostExt_1_1PluginWrapper.html" title="PluginWrapper is a simple base class for adapter plugins." alt="" coords="345,198,545,222">
<area shape="rect" href="$classVamp_1_1PluginHostAdapter.html" title="PluginHostAdapter is a wrapper class that a Vamp host can use to make the C&#45;language..." alt="" coords="360,246,531,270">
<area shape="rect" href="$classZeroCrossing.html" title="Example plugin that calculates the positions and density of zero&#45;crossing points..." alt="" coords="396,294,495,318">
<area shape="rect" href="$classVamp_1_1HostExt_1_1PluginBufferingAdapter.html" title="PluginBufferingAdapter is a Vamp plugin adapter that allows plugins to be used by..." alt="" coords="684,126,935,150">
<area shape="rect" href="$classVamp_1_1HostExt_1_1PluginChannelAdapter.html" title="PluginChannelAdapter is a Vamp plugin adapter that implements a policy for management..." alt="" coords="687,174,932,198">
<area shape="rect" href="$classVamp_1_1HostExt_1_1PluginInputDomainAdapter.html" title="PluginInputDomainAdapter is a Vamp plugin adapter that converts time&#45;domain input..." alt="" coords="673,222,945,246">
<area shape="rect" href="$classVamp_1_1HostExt_1_1PluginLoader_1_1Impl_1_1PluginDeletionNotifyAdapter.html" title="Vamp::HostExt::PluginLoader::Impl::PluginDeletionNotifyAdapter" alt="" coords="612,270,1007,294">
