<area shape="rect" href="$classVamp_1_1PluginBase.html" title="A base class for plugins with optional configurable parameters, programs, etc." alt="" coords="7,173,127,197">
<area shape="rect" href="$classVamp_1_1Plugin.html" title="Vamp::Plugin is a base class for plugin instance classes that provide feature extraction..." alt="" coords="177,173,271,197">
<area shape="rect" href="$classAmplitudeFollower.html" title="Example plugin implementing the SuperCollider amplitude follower function." alt="" coords="355,5,477,29">
<area shape="rect" href="$classFixedTempoEstimator.html" title="Example plugin that estimates the tempo of a short fixed&#45;tempo sample." alt="" coords="347,53,485,77">
<area shape="rect" href="$classPercussionOnsetDetector.html" title="Example plugin that detects percussive events." alt="" coords="336,101,496,125">
<area shape="rect" href="$classPowerSpectrum.html" title="Example plugin that returns a power spectrum calculated (trivially) from the frequency..." alt="" coords="363,149,469,173">
<area shape="rect" href="$classSpectralCentroid.html" title="Example plugin that calculates the centre of gravity of the frequency domain representation..." alt="" coords="360,197,472,221">
<area shape="rect" href="$classVamp_1_1HostExt_1_1PluginWrapper.html" title="PluginWrapper is a simple base class for adapter plugins." alt="" coords="321,245,511,269">
<area shape="rect" href="$classVamp_1_1PluginHostAdapter.html" title="PluginHostAdapter is a wrapper class that a Vamp host can use to make the C&#45;language..." alt="" coords="335,293,497,317">
<area shape="rect" href="$classZeroCrossing.html" title="Example plugin that calculates the positions and density of zero&#45;crossing points..." alt="" coords="369,341,463,365">
<area shape="rect" href="$classVamp_1_1HostExt_1_1PluginBufferingAdapter.html" title="PluginBufferingAdapter is a Vamp plugin adapter that allows plugins to be used by..." alt="" coords="573,173,808,197">
<area shape="rect" href="$classVamp_1_1HostExt_1_1PluginChannelAdapter.html" title="PluginChannelAdapter is a Vamp plugin adapter that implements a policy for management..." alt="" coords="575,221,807,245">
<area shape="rect" href="$classVamp_1_1HostExt_1_1PluginInputDomainAdapter.html" title="PluginInputDomainAdapter is a Vamp plugin adapter that converts time&#45;domain input..." alt="" coords="561,269,820,293">
<area shape="rect" href="$classVamp_1_1HostExt_1_1PluginSummarisingAdapter.html" title="PluginSummarisingAdapter is a Vamp plugin adapter that provides summarisation methods..." alt="" coords="561,317,820,341">
